login as: netadmin
netadmin@172.21.12.111's password:
Welcome to Ubuntu 22.04.3 LTS (GNU/Linux 5.15.0-88-generic x86_64)

 * Documentation:  https://help.ubuntu.com
 * Management:     https://landscape.canonical.com
 * Support:        https://ubuntu.com/advantage

  System information as of Wed Nov 22 06:01:37 PM UTC 2023

  System load:    0.0              Processes:               279
  Usage of /home: 1.1% of 7.99GB   Users logged in:         1
  Memory usage:   11%              IPv4 address for ens160: 172.21.12.111
  Swap usage:     0%

 * Strictly confined Kubernetes makes edge and IoT secure. Learn how MicroK8s
   just raised the bar for easy, resilient and secure K8s cluster deployment.

   https://ubuntu.com/engage/secure-kubernetes-at-the-edge

Expanded Security Maintenance for Applications is not enabled.

4 updates can be applied immediately.
To see these additional updates run: apt list --upgradable

Enable ESM Apps to receive additional future security updates.
See https://ubuntu.com/esm or run: sudo pro status


*** System restart required ***
Last login: Wed Nov 22 16:50:08 2023 from 172.21.12.169
netadmin@netadmin:~$ sudo -i
[sudo] password for netadmin:
root@netadmin:~# touch /etc/prueba0.txt
root@netadmin:~# ls /etc/pru*
/etc/prueba0.txt  /etc/prueba.txt
root@netadmin:~# ls -l/usr/bin/whatis
ls: invalid option -- '/'
Try 'ls --help' for more information.
root@netadmin:~# ls -l /usr/bin/whatis
-rwxr-xr-x 1 root root 48416 Mar 17  2022 /usr/bin/whatis
root@netadmin:~# whoami
root
root@netadmin:~# exit
logout
netadmin@netadmin:~$ groups
netadmin adm cdrom sudo dip plugdev lxd
netadmin@netadmin:~$ sudo groupadd oficina_malaga
[sudo] password for netadmin:
Sorry, try again.
[sudo] password for netadmin:
netadmin@netadmin:~$ groups
netadmin adm cdrom sudo dip plugdev lxd
netadmin@netadmin:~$ sudo groupadd oficina_malaga
groupadd: group 'oficina_malaga' already exists
netadmin@netadmin:~$ sudo groupadd oficina_jaen
netadmin@netadmin:~$ sudo groupadd oficina_madrit
netadmin@netadmin:~$ sudo groupmod -n oficina_madrid oficina_madrit
netadmin@netadmin:~$ sudo bash
root@netadmin:/home/netadmin# adduser pedro --ingroup oficina_malaga
Adding user `pedro' ...
Adding new user `pedro' (1007) with group `oficina_malaga' ...
Creating home directory `/home/pedro' ...
Copying files from `/etc/skel' ...
New password:
Retype new password:
passwd: password updated successfully
Changing the user information for pedro
Enter the new value, or press ENTER for the default
        Full Name []: PEDRO
        Room Number []: 1
        Work Phone []: 1
        Home Phone []: 1
        Other []: 1
Is the information correct? [Y/n] y
root@netadmin:/home/netadmin# adduser ana --ingroup oficina_malaga
Adding user `ana' ...
Adding new user `ana' (1008) with group `oficina_malaga' ...
Creating home directory `/home/ana' ...
Copying files from `/etc/skel' ...
New password:
Retype new password:
passwd: password updated successfully
Changing the user information for ana
Enter the new value, or press ENTER for the default
        Full Name []: ANA
        Room Number []: 1
        Work Phone []: 1
        Home Phone []: 1
        Other []: 1
Is the information correct? [Y/n] y
root@netadmin:/home/netadmin# adduser berta --ingroup oficina_madrid
Adding user `berta' ...
Adding new user `berta' (1009) with group `oficina_madrid' ...
Creating home directory `/home/berta' ...
Copying files from `/etc/skel' ...
New password:
Retype new password:
passwd: password updated successfully
Changing the user information for berta
Enter the new value, or press ENTER for the default
        Full Name []: BERTA
        Room Number []: 1
        Work Phone []: 1
        Home Phone []: 1
        Other []: 1
Is the information correct? [Y/n] y
root@netadmin:/home/netadmin# adduser laura --ingroup oficina_malaga
Adding user `laura' ...
Adding new user `laura' (1010) with group `oficina_malaga' ...
Creating home directory `/home/laura' ...
Copying files from `/etc/skel' ...
New password:
Retype new password:
passwd: password updated successfully
Changing the user information for laura
Enter the new value, or press ENTER for the default
        Full Name []: LAURA
        Room Number []: 1
        Work Phone []: 1
        Home Phone []: 1
        Other []: 1
Is the information correct? [Y/n] Y
root@netadmin:/home/netadmin# adduser laura --ingroup oficina_madrid
adduser: The user `laura' already exists.
root@netadmin:/home/netadmin# adduser laura oficina_madrid
Adding user `laura' to group `oficina_madrid' ...
Adding user laura to group oficina_madrid
Done.
root@netadmin:/home/netadmin# groups ana berta laura
ana : oficina_malaga
berta : oficina_madrid
laura : oficina_malaga oficina_madrid
root@netadmin:/home/netadmin# exit
exit
netadmin@netadmin:~$ ls /home
ana  berta  ernesto  halmache  juan  laura  marco  mlopez  mperez  netadmin  pedro  santy  usr1
netadmin@netadmin:~$ su pedro
Password:
pedro@netadmin:/home/netadmin$ cd
pedro@netadmin:~$ pwd
/home/pedro
pedro@netadmin:~$ touch informe.txt
pedro@netadmin:~$ ls -l
total 0
-rw-r--r-- 1 pedro oficina_malaga 0 Nov 22 18:58 informe.txt
pedro@netadmin:~$ mv informe.txt /home/laura
mv: cannot move 'informe.txt' to '/home/laura/informe.txt': Permission denied
pedro@netadmin:~$ sudo -i
[sudo] password for pedro:
pedro is not in the sudoers file.  This incident will be reported.
pedro@netadmin:~$ sudo su
[sudo] password for pedro:
pedro is not in the sudoers file.  This incident will be reported.
pedro@netadmin:~$ exit
exit
netadmin@netadmin:~$ sudo su
[sudo] password for netadmin:
root@netadmin:/home/netadmin# cd /etc/home/pedro
bash: cd: /etc/home/pedro: No such file or directory
root@netadmin:/home/netadmin# exit
exit
netadmin@netadmin:~$ sudo su
root@netadmin:/home/netadmin# cd /home/pedro
root@netadmin:/home/pedro# ls
informe.txt
root@netadmin:/home/pedro# mv informe.txt /home/laura
root@netadmin:/home/pedro# cd ..
root@netadmin:/home# ls 7
ls: cannot access '7': No such file or directory
root@netadmin:/home# ls
ana  berta  ernesto  halmache  juan  laura  marco  mlopez  mperez  netadmin  pedro  santy  usr1
root@netadmin:/home# cd laura
root@netadmin:/home/laura# ls
informe.txt
root@netadmin:/home/laura# cd ..
root@netadmin:/home# su pedro
pedro@netadmin:/home$ cd ...
bash: cd: ...: No such file or directory
pedro@netadmin:/home$ cd ...
bash: cd: ...: No such file or directory
pedro@netadmin:/home$ cd
pedro@netadmin:~$ touch hola_mundo.rb
pedro@netadmin:~$ ls -l hola_mundo.rb
-rw-r--r-- 1 pedro oficina_malaga 0 Nov 22 19:23 hola_mundo.rb
pedro@netadmin:~$ chmod +x hola_mundo.rb
pedro@netadmin:~$ ls -l
total 0
-rwxr-xr-x 1 pedro oficina_malaga 0 Nov 22 19:23 hola_mundo.rb
pedro@netadmin:~$ chmod o-x hola_mundo.rb
pedro@netadmin:~$ chmod g+x hola_mundo.rb
pedro@netadmin:~$ ls -l
total 0
-rwxr-xr-- 1 pedro oficina_malaga 0 Nov 22 19:23 hola_mundo.rb
pedro@netadmin:~$ chmod 755 hola_mundo.rb
pedro@netadmin:~$ chmod u+rwx hola_mundo.rb
pedro@netadmin:~$ chmod g+rx-w hola_mundo.rb
pedro@netadmin:~$ chmod o+rx-w hola_mundo.rb
pedro@netadmin:~$ ls -l
total 0
-rwxr-xr-x 1 pedro oficina_malaga 0 Nov 22 19:23 hola_mundo.rb
pedro@netadmin:~$
